21:24:30 **** Incremental Build of configuration Debug for project Ejemplo1_RTOS ****
make -j4 all 
arm-none-eabi-gcc "../Core/Src/main.c" -mcpu=cortex-m4 -std=gnu11 -g3 -DDEBUG -DUSE_HAL_DRIVER -DSTM32F401xE -c -I../Core/Inc -I../Drivers/STM32F4xx_HAL_Driver/Inc -I../Drivers/STM32F4xx_HAL_Driver/Inc/Legacy -I../Drivers/CMSIS/Device/ST/STM32F4xx/Include -I../Drivers/CMSIS/Include -I../Middlewares/Third_Party/FreeRTOS/Source/include -I../Middlewares/Third_Party/FreeRTOS/Source/CMSIS_RTOS -I../Middlewares/Third_Party/FreeRTOS/Source/portable/GCC/ARM_CM4F -O0 -ffunction-sections -fdata-sections -Wall -fstack-usage -MMD -MP -MF"Core/Src/main.d" -MT"Core/Src/main.o" --specs=nano.specs -mfpu=fpv4-sp-d16 -mfloat-abi=hard -mthumb -o "Core/Src/main.o"
arm-none-eabi-gcc -o "Ejemplo1_RTOS.elf" @"objects.list"   -mcpu=cortex-m4 -T"C:\Users\gssan\OneDrive\Documentos\GitHub\STM32_ApliacionesAvanzadas\Ejemplo1_RTOS\STM32F401RETX_FLASH.ld" --specs=nosys.specs -Wl,-Map="Ejemplo1_RTOS.map" -Wl,--gc-sections -static --specs=nano.specs -mfpu=fpv4-sp-d16 -mfloat-abi=hard -mthumb -Wl,--start-group -lc -lm -Wl,--end-group
Finished building target: Ejemplo1_RTOS.elf
 
arm-none-eabi-size   Ejemplo1_RTOS.elf 
arm-none-eabi-objdump -h -S  Ejemplo1_RTOS.elf  > "Ejemplo1_RTOS.list"
   text	   data	    bss	    dec	    hex	filename
  13176	     24	  17952	  31152	   79b0	Ejemplo1_RTOS.elf
Finished building: default.size.stdout
 
Finished building: Ejemplo1_RTOS.list
 

21:24:35 Build Finished. 0 errors, 0 warnings. (took 4s.42ms)

