20:46:50 **** Build of configuration Debug for project Ejemplo2_FreeRTOS ****
make -j4 all 
arm-none-eabi-gcc "../Middlewares/Third_Party/SEGGER/SEGGER/Syscalls/SEGGER_RTT_Syscalls_GCC.c" -mcpu=cortex-m4 -std=gnu11 -g3 -DDEBUG -DUSE_HAL_DRIVER -DSTM32F401xE -c -I"C:/Users/gssan/OneDrive/Documentos/GitHub/STM32_ApliacionesAvanzadas/Ejemplo2_FreeRTOS/Middlewares/Third_Party/FreeRTOS/include" -I"C:/Users/gssan/OneDrive/Documentos/GitHub/STM32_ApliacionesAvanzadas/Ejemplo2_FreeRTOS/Middlewares/Third_Party/FreeRTOS/portable/GCC/ARM_CM4F" -I../Core/Inc -I"C:/Users/gssan/OneDrive/Documentos/GitHub/STM32_ApliacionesAvanzadas/Ejemplo2_FreeRTOS/Middlewares/Third_Party/SEGGER/Config" -I"C:/Users/gssan/OneDrive/Documentos/GitHub/STM32_ApliacionesAvanzadas/Ejemplo2_FreeRTOS/Middlewares/Third_Party/SEGGER/OS" -I"C:/Users/gssan/OneDrive/Documentos/GitHub/STM32_ApliacionesAvanzadas/Ejemplo2_FreeRTOS/Middlewares/Third_Party/SEGGER/SEGGER" -I../Drivers/STM32F4xx_HAL_Driver/Inc -I../Drivers/STM32F4xx_HAL_Driver/Inc/Legacy -I../Drivers/CMSIS/Device/ST/STM32F4xx/Include -I../Drivers/CMSIS/Include -O0 -ffunction-sections -fdata-sections -Wall -fstack-usage -fcyclomatic-complexity -MMD -MP -MF"Middlewares/Third_Party/SEGGER/SEGGER/Syscalls/SEGGER_RTT_Syscalls_GCC.d" -MT"Middlewares/Third_Party/SEGGER/SEGGER/Syscalls/SEGGER_RTT_Syscalls_GCC.o" --specs=nano.specs -mfpu=fpv4-sp-d16 -mfloat-abi=hard -mthumb -o "Middlewares/Third_Party/SEGGER/SEGGER/Syscalls/SEGGER_RTT_Syscalls_GCC.o"
arm-none-eabi-gcc "../Middlewares/Third_Party/SEGGER/SEGGER/SEGGER_RTT.c" -mcpu=cortex-m4 -std=gnu11 -g3 -DDEBUG -DUSE_HAL_DRIVER -DSTM32F401xE -c -I"C:/Users/gssan/OneDrive/Documentos/GitHub/STM32_ApliacionesAvanzadas/Ejemplo2_FreeRTOS/Middlewares/Third_Party/FreeRTOS/include" -I"C:/Users/gssan/OneDrive/Documentos/GitHub/STM32_ApliacionesAvanzadas/Ejemplo2_FreeRTOS/Middlewares/Third_Party/FreeRTOS/portable/GCC/ARM_CM4F" -I../Core/Inc -I"C:/Users/gssan/OneDrive/Documentos/GitHub/STM32_ApliacionesAvanzadas/Ejemplo2_FreeRTOS/Middlewares/Third_Party/SEGGER/Config" -I"C:/Users/gssan/OneDrive/Documentos/GitHub/STM32_ApliacionesAvanzadas/Ejemplo2_FreeRTOS/Middlewares/Third_Party/SEGGER/OS" -I"C:/Users/gssan/OneDrive/Documentos/GitHub/STM32_ApliacionesAvanzadas/Ejemplo2_FreeRTOS/Middlewares/Third_Party/SEGGER/SEGGER" -I../Drivers/STM32F4xx_HAL_Driver/Inc -I../Drivers/STM32F4xx_HAL_Driver/Inc/Legacy -I../Drivers/CMSIS/Device/ST/STM32F4xx/Include -I../Drivers/CMSIS/Include -O0 -ffunction-sections -fdata-sections -Wall -fstack-usage -fcyclomatic-complexity -MMD -MP -MF"Middlewares/Third_Party/SEGGER/SEGGER/SEGGER_RTT.d" -MT"Middlewares/Third_Party/SEGGER/SEGGER/SEGGER_RTT.o" --specs=nano.specs -mfpu=fpv4-sp-d16 -mfloat-abi=hard -mthumb -o "Middlewares/Third_Party/SEGGER/SEGGER/SEGGER_RTT.o"
arm-none-eabi-gcc -mcpu=cortex-m4 -g3 -DDEBUG -c -I"C:/Users/gssan/OneDrive/Documentos/GitHub/STM32_ApliacionesAvanzadas/Ejemplo2_FreeRTOS/Middlewares/Third_Party/SEGGER/Config" -I"C:/Users/gssan/OneDrive/Documentos/GitHub/STM32_ApliacionesAvanzadas/Ejemplo2_FreeRTOS/Middlewares/Third_Party/SEGGER/OS" -I"C:/Users/gssan/OneDrive/Documentos/GitHub/STM32_ApliacionesAvanzadas/Ejemplo2_FreeRTOS/Middlewares/Third_Party/SEGGER/SEGGER" -x assembler-with-cpp -MMD -MP -MF"Middlewares/Third_Party/SEGGER/SEGGER/SEGGER_RTT_ASM_ARMv7M.d" -MT"Middlewares/Third_Party/SEGGER/SEGGER/SEGGER_RTT_ASM_ARMv7M.o" --specs=nano.specs -mfpu=fpv4-sp-d16 -mfloat-abi=hard -mthumb -o "Middlewares/Third_Party/SEGGER/SEGGER/SEGGER_RTT_ASM_ARMv7M.o" "../Middlewares/Third_Party/SEGGER/SEGGER/SEGGER_RTT_ASM_ARMv7M.S"
arm-none-eabi-gcc "../Middlewares/Third_Party/SEGGER/SEGGER/SEGGER_RTT_printf.c" -mcpu=cortex-m4 -std=gnu11 -g3 -DDEBUG -DUSE_HAL_DRIVER -DSTM32F401xE -c -I"C:/Users/gssan/OneDrive/Documentos/GitHub/STM32_ApliacionesAvanzadas/Ejemplo2_FreeRTOS/Middlewares/Third_Party/FreeRTOS/include" -I"C:/Users/gssan/OneDrive/Documentos/GitHub/STM32_ApliacionesAvanzadas/Ejemplo2_FreeRTOS/Middlewares/Third_Party/FreeRTOS/portable/GCC/ARM_CM4F" -I../Core/Inc -I"C:/Users/gssan/OneDrive/Documentos/GitHub/STM32_ApliacionesAvanzadas/Ejemplo2_FreeRTOS/Middlewares/Third_Party/SEGGER/Config" -I"C:/Users/gssan/OneDrive/Documentos/GitHub/STM32_ApliacionesAvanzadas/Ejemplo2_FreeRTOS/Middlewares/Third_Party/SEGGER/OS" -I"C:/Users/gssan/OneDrive/Documentos/GitHub/STM32_ApliacionesAvanzadas/Ejemplo2_FreeRTOS/Middlewares/Third_Party/SEGGER/SEGGER" -I../Drivers/STM32F4xx_HAL_Driver/Inc -I../Drivers/STM32F4xx_HAL_Driver/Inc/Legacy -I../Drivers/CMSIS/Device/ST/STM32F4xx/Include -I../Drivers/CMSIS/Include -O0 -ffunction-sections -fdata-sections -Wall -fstack-usage -fcyclomatic-complexity -MMD -MP -MF"Middlewares/Third_Party/SEGGER/SEGGER/SEGGER_RTT_printf.d" -MT"Middlewares/Third_Party/SEGGER/SEGGER/SEGGER_RTT_printf.o" --specs=nano.specs -mfpu=fpv4-sp-d16 -mfloat-abi=hard -mthumb -o "Middlewares/Third_Party/SEGGER/SEGGER/SEGGER_RTT_printf.o"
arm-none-eabi-gcc "../Middlewares/Third_Party/SEGGER/SEGGER/SEGGER_SYSVIEW.c" -mcpu=cortex-m4 -std=gnu11 -g3 -DDEBUG -DUSE_HAL_DRIVER -DSTM32F401xE -c -I"C:/Users/gssan/OneDrive/Documentos/GitHub/STM32_ApliacionesAvanzadas/Ejemplo2_FreeRTOS/Middlewares/Third_Party/FreeRTOS/include" -I"C:/Users/gssan/OneDrive/Documentos/GitHub/STM32_ApliacionesAvanzadas/Ejemplo2_FreeRTOS/Middlewares/Third_Party/FreeRTOS/portable/GCC/ARM_CM4F" -I../Core/Inc -I"C:/Users/gssan/OneDrive/Documentos/GitHub/STM32_ApliacionesAvanzadas/Ejemplo2_FreeRTOS/Middlewares/Third_Party/SEGGER/Config" -I"C:/Users/gssan/OneDrive/Documentos/GitHub/STM32_ApliacionesAvanzadas/Ejemplo2_FreeRTOS/Middlewares/Third_Party/SEGGER/OS" -I"C:/Users/gssan/OneDrive/Documentos/GitHub/STM32_ApliacionesAvanzadas/Ejemplo2_FreeRTOS/Middlewares/Third_Party/SEGGER/SEGGER" -I../Drivers/STM32F4xx_HAL_Driver/Inc -I../Drivers/STM32F4xx_HAL_Driver/Inc/Legacy -I../Drivers/CMSIS/Device/ST/STM32F4xx/Include -I../Drivers/CMSIS/Include -O0 -ffunction-sections -fdata-sections -Wall -fstack-usage -fcyclomatic-complexity -MMD -MP -MF"Middlewares/Third_Party/SEGGER/SEGGER/SEGGER_SYSVIEW.d" -MT"Middlewares/Third_Party/SEGGER/SEGGER/SEGGER_SYSVIEW.o" --specs=nano.specs -mfpu=fpv4-sp-d16 -mfloat-abi=hard -mthumb -o "Middlewares/Third_Party/SEGGER/SEGGER/SEGGER_SYSVIEW.o"
arm-none-eabi-gcc "../Middlewares/Third_Party/SEGGER/OS/SEGGER_SYSVIEW_FreeRTOS.c" -mcpu=cortex-m4 -std=gnu11 -g3 -DDEBUG -DUSE_HAL_DRIVER -DSTM32F401xE -c -I"C:/Users/gssan/OneDrive/Documentos/GitHub/STM32_ApliacionesAvanzadas/Ejemplo2_FreeRTOS/Middlewares/Third_Party/FreeRTOS/include" -I"C:/Users/gssan/OneDrive/Documentos/GitHub/STM32_ApliacionesAvanzadas/Ejemplo2_FreeRTOS/Middlewares/Third_Party/FreeRTOS/portable/GCC/ARM_CM4F" -I../Core/Inc -I"C:/Users/gssan/OneDrive/Documentos/GitHub/STM32_ApliacionesAvanzadas/Ejemplo2_FreeRTOS/Middlewares/Third_Party/SEGGER/Config" -I"C:/Users/gssan/OneDrive/Documentos/GitHub/STM32_ApliacionesAvanzadas/Ejemplo2_FreeRTOS/Middlewares/Third_Party/SEGGER/OS" -I"C:/Users/gssan/OneDrive/Documentos/GitHub/STM32_ApliacionesAvanzadas/Ejemplo2_FreeRTOS/Middlewares/Third_Party/SEGGER/SEGGER" -I../Drivers/STM32F4xx_HAL_Driver/Inc -I../Drivers/STM32F4xx_HAL_Driver/Inc/Legacy -I../Drivers/CMSIS/Device/ST/STM32F4xx/Include -I../Drivers/CMSIS/Include -O0 -ffunction-sections -fdata-sections -Wall -fstack-usage -fcyclomatic-complexity -MMD -MP -MF"Middlewares/Third_Party/SEGGER/OS/SEGGER_SYSVIEW_FreeRTOS.d" -MT"Middlewares/Third_Party/SEGGER/OS/SEGGER_SYSVIEW_FreeRTOS.o" --specs=nano.specs -mfpu=fpv4-sp-d16 -mfloat-abi=hard -mthumb -o "Middlewares/Third_Party/SEGGER/OS/SEGGER_SYSVIEW_FreeRTOS.o"
arm-none-eabi-gcc "../Middlewares/Third_Party/SEGGER/Config/SEGGER_SYSVIEW_Config_FreeRTOS.c" -mcpu=cortex-m4 -std=gnu11 -g3 -DDEBUG -DUSE_HAL_DRIVER -DSTM32F401xE -c -I"C:/Users/gssan/OneDrive/Documentos/GitHub/STM32_ApliacionesAvanzadas/Ejemplo2_FreeRTOS/Middlewares/Third_Party/FreeRTOS/include" -I"C:/Users/gssan/OneDrive/Documentos/GitHub/STM32_ApliacionesAvanzadas/Ejemplo2_FreeRTOS/Middlewares/Third_Party/FreeRTOS/portable/GCC/ARM_CM4F" -I../Core/Inc -I"C:/Users/gssan/OneDrive/Documentos/GitHub/STM32_ApliacionesAvanzadas/Ejemplo2_FreeRTOS/Middlewares/Third_Party/SEGGER/Config" -I"C:/Users/gssan/OneDrive/Documentos/GitHub/STM32_ApliacionesAvanzadas/Ejemplo2_FreeRTOS/Middlewares/Third_Party/SEGGER/OS" -I"C:/Users/gssan/OneDrive/Documentos/GitHub/STM32_ApliacionesAvanzadas/Ejemplo2_FreeRTOS/Middlewares/Third_Party/SEGGER/SEGGER" -I../Drivers/STM32F4xx_HAL_Driver/Inc -I../Drivers/STM32F4xx_HAL_Driver/Inc/Legacy -I../Drivers/CMSIS/Device/ST/STM32F4xx/Include -I../Drivers/CMSIS/Include -O0 -ffunction-sections -fdata-sections -Wall -fstack-usage -fcyclomatic-complexity -MMD -MP -MF"Middlewares/Third_Party/SEGGER/Config/SEGGER_SYSVIEW_Config_FreeRTOS.d" -MT"Middlewares/Third_Party/SEGGER/Config/SEGGER_SYSVIEW_Config_FreeRTOS.o" --specs=nano.specs -mfpu=fpv4-sp-d16 -mfloat-abi=hard -mthumb -o "Middlewares/Third_Party/SEGGER/Config/SEGGER_SYSVIEW_Config_FreeRTOS.o"
arm-none-eabi-gcc "../Middlewares/Third_Party/FreeRTOS/portable/MemMang/heap_4.c" -mcpu=cortex-m4 -std=gnu11 -g3 -DDEBUG -DUSE_HAL_DRIVER -DSTM32F401xE -c -I"C:/Users/gssan/OneDrive/Documentos/GitHub/STM32_ApliacionesAvanzadas/Ejemplo2_FreeRTOS/Middlewares/Third_Party/FreeRTOS/include" -I"C:/Users/gssan/OneDrive/Documentos/GitHub/STM32_ApliacionesAvanzadas/Ejemplo2_FreeRTOS/Middlewares/Third_Party/FreeRTOS/portable/GCC/ARM_CM4F" -I../Core/Inc -I"C:/Users/gssan/OneDrive/Documentos/GitHub/STM32_ApliacionesAvanzadas/Ejemplo2_FreeRTOS/Middlewares/Third_Party/SEGGER/Config" -I"C:/Users/gssan/OneDrive/Documentos/GitHub/STM32_ApliacionesAvanzadas/Ejemplo2_FreeRTOS/Middlewares/Third_Party/SEGGER/OS" -I"C:/Users/gssan/OneDrive/Documentos/GitHub/STM32_ApliacionesAvanzadas/Ejemplo2_FreeRTOS/Middlewares/Third_Party/SEGGER/SEGGER" -I../Drivers/STM32F4xx_HAL_Driver/Inc -I../Drivers/STM32F4xx_HAL_Driver/Inc/Legacy -I../Drivers/CMSIS/Device/ST/STM32F4xx/Include -I../Drivers/CMSIS/Include -O0 -ffunction-sections -fdata-sections -Wall -fstack-usage -fcyclomatic-complexity -MMD -MP -MF"Middlewares/Third_Party/FreeRTOS/portable/MemMang/heap_4.d" -MT"Middlewares/Third_Party/FreeRTOS/portable/MemMang/heap_4.o" --specs=nano.specs -mfpu=fpv4-sp-d16 -mfloat-abi=hard -mthumb -o "Middlewares/Third_Party/FreeRTOS/portable/MemMang/heap_4.o"
arm-none-eabi-gcc "../Middlewares/Third_Party/FreeRTOS/portable/GCC/ARM_CM4F/port.c" -mcpu=cortex-m4 -std=gnu11 -g3 -DDEBUG -DUSE_HAL_DRIVER -DSTM32F401xE -c -I"C:/Users/gssan/OneDrive/Documentos/GitHub/STM32_ApliacionesAvanzadas/Ejemplo2_FreeRTOS/Middlewares/Third_Party/FreeRTOS/include" -I"C:/Users/gssan/OneDrive/Documentos/GitHub/STM32_ApliacionesAvanzadas/Ejemplo2_FreeRTOS/Middlewares/Third_Party/FreeRTOS/portable/GCC/ARM_CM4F" -I../Core/Inc -I"C:/Users/gssan/OneDrive/Documentos/GitHub/STM32_ApliacionesAvanzadas/Ejemplo2_FreeRTOS/Middlewares/Third_Party/SEGGER/Config" -I"C:/Users/gssan/OneDrive/Documentos/GitHub/STM32_ApliacionesAvanzadas/Ejemplo2_FreeRTOS/Middlewares/Third_Party/SEGGER/OS" -I"C:/Users/gssan/OneDrive/Documentos/GitHub/STM32_ApliacionesAvanzadas/Ejemplo2_FreeRTOS/Middlewares/Third_Party/SEGGER/SEGGER" -I../Drivers/STM32F4xx_HAL_Driver/Inc -I../Drivers/STM32F4xx_HAL_Driver/Inc/Legacy -I../Drivers/CMSIS/Device/ST/STM32F4xx/Include -I../Drivers/CMSIS/Include -O0 -ffunction-sections -fdata-sections -Wall -fstack-usage -fcyclomatic-complexity -MMD -MP -MF"Middlewares/Third_Party/FreeRTOS/portable/GCC/ARM_CM4F/port.d" -MT"Middlewares/Third_Party/FreeRTOS/portable/GCC/ARM_CM4F/port.o" --specs=nano.specs -mfpu=fpv4-sp-d16 -mfloat-abi=hard -mthumb -o "Middlewares/Third_Party/FreeRTOS/portable/GCC/ARM_CM4F/port.o"
arm-none-eabi-gcc "../Middlewares/Third_Party/FreeRTOS/croutine.c" -mcpu=cortex-m4 -std=gnu11 -g3 -DDEBUG -DUSE_HAL_DRIVER -DSTM32F401xE -c -I"C:/Users/gssan/OneDrive/Documentos/GitHub/STM32_ApliacionesAvanzadas/Ejemplo2_FreeRTOS/Middlewares/Third_Party/FreeRTOS/include" -I"C:/Users/gssan/OneDrive/Documentos/GitHub/STM32_ApliacionesAvanzadas/Ejemplo2_FreeRTOS/Middlewares/Third_Party/FreeRTOS/portable/GCC/ARM_CM4F" -I../Core/Inc -I"C:/Users/gssan/OneDrive/Documentos/GitHub/STM32_ApliacionesAvanzadas/Ejemplo2_FreeRTOS/Middlewares/Third_Party/SEGGER/Config" -I"C:/Users/gssan/OneDrive/Documentos/GitHub/STM32_ApliacionesAvanzadas/Ejemplo2_FreeRTOS/Middlewares/Third_Party/SEGGER/OS" -I"C:/Users/gssan/OneDrive/Documentos/GitHub/STM32_ApliacionesAvanzadas/Ejemplo2_FreeRTOS/Middlewares/Third_Party/SEGGER/SEGGER" -I../Drivers/STM32F4xx_HAL_Driver/Inc -I../Drivers/STM32F4xx_HAL_Driver/Inc/Legacy -I../Drivers/CMSIS/Device/ST/STM32F4xx/Include -I../Drivers/CMSIS/Include -O0 -ffunction-sections -fdata-sections -Wall -fstack-usage -fcyclomatic-complexity -MMD -MP -MF"Middlewares/Third_Party/FreeRTOS/croutine.d" -MT"Middlewares/Third_Party/FreeRTOS/croutine.o" --specs=nano.specs -mfpu=fpv4-sp-d16 -mfloat-abi=hard -mthumb -o "Middlewares/Third_Party/FreeRTOS/croutine.o"
arm-none-eabi-gcc "../Middlewares/Third_Party/FreeRTOS/event_groups.c" -mcpu=cortex-m4 -std=gnu11 -g3 -DDEBUG -DUSE_HAL_DRIVER -DSTM32F401xE -c -I"C:/Users/gssan/OneDrive/Documentos/GitHub/STM32_ApliacionesAvanzadas/Ejemplo2_FreeRTOS/Middlewares/Third_Party/FreeRTOS/include" -I"C:/Users/gssan/OneDrive/Documentos/GitHub/STM32_ApliacionesAvanzadas/Ejemplo2_FreeRTOS/Middlewares/Third_Party/FreeRTOS/portable/GCC/ARM_CM4F" -I../Core/Inc -I"C:/Users/gssan/OneDrive/Documentos/GitHub/STM32_ApliacionesAvanzadas/Ejemplo2_FreeRTOS/Middlewares/Third_Party/SEGGER/Config" -I"C:/Users/gssan/OneDrive/Documentos/GitHub/STM32_ApliacionesAvanzadas/Ejemplo2_FreeRTOS/Middlewares/Third_Party/SEGGER/OS" -I"C:/Users/gssan/OneDrive/Documentos/GitHub/STM32_ApliacionesAvanzadas/Ejemplo2_FreeRTOS/Middlewares/Third_Party/SEGGER/SEGGER" -I../Drivers/STM32F4xx_HAL_Driver/Inc -I../Drivers/STM32F4xx_HAL_Driver/Inc/Legacy -I../Drivers/CMSIS/Device/ST/STM32F4xx/Include -I../Drivers/CMSIS/Include -O0 -ffunction-sections -fdata-sections -Wall -fstack-usage -fcyclomatic-complexity -MMD -MP -MF"Middlewares/Third_Party/FreeRTOS/event_groups.d" -MT"Middlewares/Third_Party/FreeRTOS/event_groups.o" --specs=nano.specs -mfpu=fpv4-sp-d16 -mfloat-abi=hard -mthumb -o "Middlewares/Third_Party/FreeRTOS/event_groups.o"
arm-none-eabi-gcc "../Middlewares/Third_Party/FreeRTOS/list.c" -mcpu=cortex-m4 -std=gnu11 -g3 -DDEBUG -DUSE_HAL_DRIVER -DSTM32F401xE -c -I"C:/Users/gssan/OneDrive/Documentos/GitHub/STM32_ApliacionesAvanzadas/Ejemplo2_FreeRTOS/Middlewares/Third_Party/FreeRTOS/include" -I"C:/Users/gssan/OneDrive/Documentos/GitHub/STM32_ApliacionesAvanzadas/Ejemplo2_FreeRTOS/Middlewares/Third_Party/FreeRTOS/portable/GCC/ARM_CM4F" -I../Core/Inc -I"C:/Users/gssan/OneDrive/Documentos/GitHub/STM32_ApliacionesAvanzadas/Ejemplo2_FreeRTOS/Middlewares/Third_Party/SEGGER/Config" -I"C:/Users/gssan/OneDrive/Documentos/GitHub/STM32_ApliacionesAvanzadas/Ejemplo2_FreeRTOS/Middlewares/Third_Party/SEGGER/OS" -I"C:/Users/gssan/OneDrive/Documentos/GitHub/STM32_ApliacionesAvanzadas/Ejemplo2_FreeRTOS/Middlewares/Third_Party/SEGGER/SEGGER" -I../Drivers/STM32F4xx_HAL_Driver/Inc -I../Drivers/STM32F4xx_HAL_Driver/Inc/Legacy -I../Drivers/CMSIS/Device/ST/STM32F4xx/Include -I../Drivers/CMSIS/Include -O0 -ffunction-sections -fdata-sections -Wall -fstack-usage -fcyclomatic-complexity -MMD -MP -MF"Middlewares/Third_Party/FreeRTOS/list.d" -MT"Middlewares/Third_Party/FreeRTOS/list.o" --specs=nano.specs -mfpu=fpv4-sp-d16 -mfloat-abi=hard -mthumb -o "Middlewares/Third_Party/FreeRTOS/list.o"
arm-none-eabi-gcc "../Middlewares/Third_Party/FreeRTOS/queue.c" -mcpu=cortex-m4 -std=gnu11 -g3 -DDEBUG -DUSE_HAL_DRIVER -DSTM32F401xE -c -I"C:/Users/gssan/OneDrive/Documentos/GitHub/STM32_ApliacionesAvanzadas/Ejemplo2_FreeRTOS/Middlewares/Third_Party/FreeRTOS/include" -I"C:/Users/gssan/OneDrive/Documentos/GitHub/STM32_ApliacionesAvanzadas/Ejemplo2_FreeRTOS/Middlewares/Third_Party/FreeRTOS/portable/GCC/ARM_CM4F" -I../Core/Inc -I"C:/Users/gssan/OneDrive/Documentos/GitHub/STM32_ApliacionesAvanzadas/Ejemplo2_FreeRTOS/Middlewares/Third_Party/SEGGER/Config" -I"C:/Users/gssan/OneDrive/Documentos/GitHub/STM32_ApliacionesAvanzadas/Ejemplo2_FreeRTOS/Middlewares/Third_Party/SEGGER/OS" -I"C:/Users/gssan/OneDrive/Documentos/GitHub/STM32_ApliacionesAvanzadas/Ejemplo2_FreeRTOS/Middlewares/Third_Party/SEGGER/SEGGER" -I../Drivers/STM32F4xx_HAL_Driver/Inc -I../Drivers/STM32F4xx_HAL_Driver/Inc/Legacy -I../Drivers/CMSIS/Device/ST/STM32F4xx/Include -I../Drivers/CMSIS/Include -O0 -ffunction-sections -fdata-sections -Wall -fstack-usage -fcyclomatic-complexity -MMD -MP -MF"Middlewares/Third_Party/FreeRTOS/queue.d" -MT"Middlewares/Third_Party/FreeRTOS/queue.o" --specs=nano.specs -mfpu=fpv4-sp-d16 -mfloat-abi=hard -mthumb -o "Middlewares/Third_Party/FreeRTOS/queue.o"
arm-none-eabi-gcc "../Middlewares/Third_Party/FreeRTOS/stream_buffer.c" -mcpu=cortex-m4 -std=gnu11 -g3 -DDEBUG -DUSE_HAL_DRIVER -DSTM32F401xE -c -I"C:/Users/gssan/OneDrive/Documentos/GitHub/STM32_ApliacionesAvanzadas/Ejemplo2_FreeRTOS/Middlewares/Third_Party/FreeRTOS/include" -I"C:/Users/gssan/OneDrive/Documentos/GitHub/STM32_ApliacionesAvanzadas/Ejemplo2_FreeRTOS/Middlewares/Third_Party/FreeRTOS/portable/GCC/ARM_CM4F" -I../Core/Inc -I"C:/Users/gssan/OneDrive/Documentos/GitHub/STM32_ApliacionesAvanzadas/Ejemplo2_FreeRTOS/Middlewares/Third_Party/SEGGER/Config" -I"C:/Users/gssan/OneDrive/Documentos/GitHub/STM32_ApliacionesAvanzadas/Ejemplo2_FreeRTOS/Middlewares/Third_Party/SEGGER/OS" -I"C:/Users/gssan/OneDrive/Documentos/GitHub/STM32_ApliacionesAvanzadas/Ejemplo2_FreeRTOS/Middlewares/Third_Party/SEGGER/SEGGER" -I../Drivers/STM32F4xx_HAL_Driver/Inc -I../Drivers/STM32F4xx_HAL_Driver/Inc/Legacy -I../Drivers/CMSIS/Device/ST/STM32F4xx/Include -I../Drivers/CMSIS/Include -O0 -ffunction-sections -fdata-sections -Wall -fstack-usage -fcyclomatic-complexity -MMD -MP -MF"Middlewares/Third_Party/FreeRTOS/stream_buffer.d" -MT"Middlewares/Third_Party/FreeRTOS/stream_buffer.o" --specs=nano.specs -mfpu=fpv4-sp-d16 -mfloat-abi=hard -mthumb -o "Middlewares/Third_Party/FreeRTOS/stream_buffer.o"
arm-none-eabi-gcc "../Middlewares/Third_Party/FreeRTOS/tasks.c" -mcpu=cortex-m4 -std=gnu11 -g3 -DDEBUG -DUSE_HAL_DRIVER -DSTM32F401xE -c -I"C:/Users/gssan/OneDrive/Documentos/GitHub/STM32_ApliacionesAvanzadas/Ejemplo2_FreeRTOS/Middlewares/Third_Party/FreeRTOS/include" -I"C:/Users/gssan/OneDrive/Documentos/GitHub/STM32_ApliacionesAvanzadas/Ejemplo2_FreeRTOS/Middlewares/Third_Party/FreeRTOS/portable/GCC/ARM_CM4F" -I../Core/Inc -I"C:/Users/gssan/OneDrive/Documentos/GitHub/STM32_ApliacionesAvanzadas/Ejemplo2_FreeRTOS/Middlewares/Third_Party/SEGGER/Config" -I"C:/Users/gssan/OneDrive/Documentos/GitHub/STM32_ApliacionesAvanzadas/Ejemplo2_FreeRTOS/Middlewares/Third_Party/SEGGER/OS" -I"C:/Users/gssan/OneDrive/Documentos/GitHub/STM32_ApliacionesAvanzadas/Ejemplo2_FreeRTOS/Middlewares/Third_Party/SEGGER/SEGGER" -I../Drivers/STM32F4xx_HAL_Driver/Inc -I../Drivers/STM32F4xx_HAL_Driver/Inc/Legacy -I../Drivers/CMSIS/Device/ST/STM32F4xx/Include -I../Drivers/CMSIS/Include -O0 -ffunction-sections -fdata-sections -Wall -fstack-usage -fcyclomatic-complexity -MMD -MP -MF"Middlewares/Third_Party/FreeRTOS/tasks.d" -MT"Middlewares/Third_Party/FreeRTOS/tasks.o" --specs=nano.specs -mfpu=fpv4-sp-d16 -mfloat-abi=hard -mthumb -o "Middlewares/Third_Party/FreeRTOS/tasks.o"
arm-none-eabi-gcc "../Middlewares/Third_Party/FreeRTOS/timers.c" -mcpu=cortex-m4 -std=gnu11 -g3 -DDEBUG -DUSE_HAL_DRIVER -DSTM32F401xE -c -I"C:/Users/gssan/OneDrive/Documentos/GitHub/STM32_ApliacionesAvanzadas/Ejemplo2_FreeRTOS/Middlewares/Third_Party/FreeRTOS/include" -I"C:/Users/gssan/OneDrive/Documentos/GitHub/STM32_ApliacionesAvanzadas/Ejemplo2_FreeRTOS/Middlewares/Third_Party/FreeRTOS/portable/GCC/ARM_CM4F" -I../Core/Inc -I"C:/Users/gssan/OneDrive/Documentos/GitHub/STM32_ApliacionesAvanzadas/Ejemplo2_FreeRTOS/Middlewares/Third_Party/SEGGER/Config" -I"C:/Users/gssan/OneDrive/Documentos/GitHub/STM32_ApliacionesAvanzadas/Ejemplo2_FreeRTOS/Middlewares/Third_Party/SEGGER/OS" -I"C:/Users/gssan/OneDrive/Documentos/GitHub/STM32_ApliacionesAvanzadas/Ejemplo2_FreeRTOS/Middlewares/Third_Party/SEGGER/SEGGER" -I../Drivers/STM32F4xx_HAL_Driver/Inc -I../Drivers/STM32F4xx_HAL_Driver/Inc/Legacy -I../Drivers/CMSIS/Device/ST/STM32F4xx/Include -I../Drivers/CMSIS/Include -O0 -ffunction-sections -fdata-sections -Wall -fstack-usage -fcyclomatic-complexity -MMD -MP -MF"Middlewares/Third_Party/FreeRTOS/timers.d" -MT"Middlewares/Third_Party/FreeRTOS/timers.o" --specs=nano.specs -mfpu=fpv4-sp-d16 -mfloat-abi=hard -mthumb -o "Middlewares/Third_Party/FreeRTOS/timers.o"
arm-none-eabi-gcc "../Drivers/STM32F4xx_HAL_Driver/Src/stm32f4xx_hal.c" -mcpu=cortex-m4 -std=gnu11 -g3 -DDEBUG -DUSE_HAL_DRIVER -DSTM32F401xE -c -I"C:/Users/gssan/OneDrive/Documentos/GitHub/STM32_ApliacionesAvanzadas/Ejemplo2_FreeRTOS/Middlewares/Third_Party/FreeRTOS/include" -I"C:/Users/gssan/OneDrive/Documentos/GitHub/STM32_ApliacionesAvanzadas/Ejemplo2_FreeRTOS/Middlewares/Third_Party/FreeRTOS/portable/GCC/ARM_CM4F" -I../Core/Inc -I"C:/Users/gssan/OneDrive/Documentos/GitHub/STM32_ApliacionesAvanzadas/Ejemplo2_FreeRTOS/Middlewares/Third_Party/SEGGER/Config" -I"C:/Users/gssan/OneDrive/Documentos/GitHub/STM32_ApliacionesAvanzadas/Ejemplo2_FreeRTOS/Middlewares/Third_Party/SEGGER/OS" -I"C:/Users/gssan/OneDrive/Documentos/GitHub/STM32_ApliacionesAvanzadas/Ejemplo2_FreeRTOS/Middlewares/Third_Party/SEGGER/SEGGER" -I../Drivers/STM32F4xx_HAL_Driver/Inc -I../Drivers/STM32F4xx_HAL_Driver/Inc/Legacy -I../Drivers/CMSIS/Device/ST/STM32F4xx/Include -I../Drivers/CMSIS/Include -O0 -ffunction-sections -fdata-sections -Wall -fstack-usage -fcyclomatic-complexity -MMD -MP -MF"Drivers/STM32F4xx_HAL_Driver/Src/stm32f4xx_hal.d" -MT"Drivers/STM32F4xx_HAL_Driver/Src/stm32f4xx_hal.o" --specs=nano.specs -mfpu=fpv4-sp-d16 -mfloat-abi=hard -mthumb -o "Drivers/STM32F4xx_HAL_Driver/Src/stm32f4xx_hal.o"
arm-none-eabi-gcc "../Drivers/STM32F4xx_HAL_Driver/Src/stm32f4xx_hal_cortex.c" -mcpu=cortex-m4 -std=gnu11 -g3 -DDEBUG -DUSE_HAL_DRIVER -DSTM32F401xE -c -I"C:/Users/gssan/OneDrive/Documentos/GitHub/STM32_ApliacionesAvanzadas/Ejemplo2_FreeRTOS/Middlewares/Third_Party/FreeRTOS/include" -I"C:/Users/gssan/OneDrive/Documentos/GitHub/STM32_ApliacionesAvanzadas/Ejemplo2_FreeRTOS/Middlewares/Third_Party/FreeRTOS/portable/GCC/ARM_CM4F" -I../Core/Inc -I"C:/Users/gssan/OneDrive/Documentos/GitHub/STM32_ApliacionesAvanzadas/Ejemplo2_FreeRTOS/Middlewares/Third_Party/SEGGER/Config" -I"C:/Users/gssan/OneDrive/Documentos/GitHub/STM32_ApliacionesAvanzadas/Ejemplo2_FreeRTOS/Middlewares/Third_Party/SEGGER/OS" -I"C:/Users/gssan/OneDrive/Documentos/GitHub/STM32_ApliacionesAvanzadas/Ejemplo2_FreeRTOS/Middlewares/Third_Party/SEGGER/SEGGER" -I../Drivers/STM32F4xx_HAL_Driver/Inc -I../Drivers/STM32F4xx_HAL_Driver/Inc/Legacy -I../Drivers/CMSIS/Device/ST/STM32F4xx/Include -I../Drivers/CMSIS/Include -O0 -ffunction-sections -fdata-sections -Wall -fstack-usage -fcyclomatic-complexity -MMD -MP -MF"Drivers/STM32F4xx_HAL_Driver/Src/stm32f4xx_hal_cortex.d" -MT"Drivers/STM32F4xx_HAL_Driver/Src/stm32f4xx_hal_cortex.o" --specs=nano.specs -mfpu=fpv4-sp-d16 -mfloat-abi=hard -mthumb -o "Drivers/STM32F4xx_HAL_Driver/Src/stm32f4xx_hal_cortex.o"
../Middlewares/Third_Party/FreeRTOS/tasks.c: In function 'vTaskPrioritySet':
../Middlewares/Third_Party/FreeRTOS/tasks.c:1657:6: warning: implicit declaration of function 'prvReaddTaskToReadyList'; did you mean 'prvAddTaskToReadyList'? [-Wimplicit-function-declaration]
 1657 |      prvReaddTaskToReadyList( pxTCB );
      |      ^~~~~~~~~~~~~~~~~~~~~~~
      |      prvAddTaskToReadyList
arm-none-eabi-gcc "../Drivers/STM32F4xx_HAL_Driver/Src/stm32f4xx_hal_dma.c" -mcpu=cortex-m4 -std=gnu11 -g3 -DDEBUG -DUSE_HAL_DRIVER -DSTM32F401xE -c -I"C:/Users/gssan/OneDrive/Documentos/GitHub/STM32_ApliacionesAvanzadas/Ejemplo2_FreeRTOS/Middlewares/Third_Party/FreeRTOS/include" -I"C:/Users/gssan/OneDrive/Documentos/GitHub/STM32_ApliacionesAvanzadas/Ejemplo2_FreeRTOS/Middlewares/Third_Party/FreeRTOS/portable/GCC/ARM_CM4F" -I../Core/Inc -I"C:/Users/gssan/OneDrive/Documentos/GitHub/STM32_ApliacionesAvanzadas/Ejemplo2_FreeRTOS/Middlewares/Third_Party/SEGGER/Config" -I"C:/Users/gssan/OneDrive/Documentos/GitHub/STM32_ApliacionesAvanzadas/Ejemplo2_FreeRTOS/Middlewares/Third_Party/SEGGER/OS" -I"C:/Users/gssan/OneDrive/Documentos/GitHub/STM32_ApliacionesAvanzadas/Ejemplo2_FreeRTOS/Middlewares/Third_Party/SEGGER/SEGGER" -I../Drivers/STM32F4xx_HAL_Driver/Inc -I../Drivers/STM32F4xx_HAL_Driver/Inc/Legacy -I../Drivers/CMSIS/Device/ST/STM32F4xx/Include -I../Drivers/CMSIS/Include -O0 -ffunction-sections -fdata-sections -Wall -fstack-usage -fcyclomatic-complexity -MMD -MP -MF"Drivers/STM32F4xx_HAL_Driver/Src/stm32f4xx_hal_dma.d" -MT"Drivers/STM32F4xx_HAL_Driver/Src/stm32f4xx_hal_dma.o" --specs=nano.specs -mfpu=fpv4-sp-d16 -mfloat-abi=hard -mthumb -o "Drivers/STM32F4xx_HAL_Driver/Src/stm32f4xx_hal_dma.o"
arm-none-eabi-gcc "../Drivers/STM32F4xx_HAL_Driver/Src/stm32f4xx_hal_dma_ex.c" -mcpu=cortex-m4 -std=gnu11 -g3 -DDEBUG -DUSE_HAL_DRIVER -DSTM32F401xE -c -I"C:/Users/gssan/OneDrive/Documentos/GitHub/STM32_ApliacionesAvanzadas/Ejemplo2_FreeRTOS/Middlewares/Third_Party/FreeRTOS/include" -I"C:/Users/gssan/OneDrive/Documentos/GitHub/STM32_ApliacionesAvanzadas/Ejemplo2_FreeRTOS/Middlewares/Third_Party/FreeRTOS/portable/GCC/ARM_CM4F" -I../Core/Inc -I"C:/Users/gssan/OneDrive/Documentos/GitHub/STM32_ApliacionesAvanzadas/Ejemplo2_FreeRTOS/Middlewares/Third_Party/SEGGER/Config" -I"C:/Users/gssan/OneDrive/Documentos/GitHub/STM32_ApliacionesAvanzadas/Ejemplo2_FreeRTOS/Middlewares/Third_Party/SEGGER/OS" -I"C:/Users/gssan/OneDrive/Documentos/GitHub/STM32_ApliacionesAvanzadas/Ejemplo2_FreeRTOS/Middlewares/Third_Party/SEGGER/SEGGER" -I../Drivers/STM32F4xx_HAL_Driver/Inc -I../Drivers/STM32F4xx_HAL_Driver/Inc/Legacy -I../Drivers/CMSIS/Device/ST/STM32F4xx/Include -I../Drivers/CMSIS/Include -O0 -ffunction-sections -fdata-sections -Wall -fstack-usage -fcyclomatic-complexity -MMD -MP -MF"Drivers/STM32F4xx_HAL_Driver/Src/stm32f4xx_hal_dma_ex.d" -MT"Drivers/STM32F4xx_HAL_Driver/Src/stm32f4xx_hal_dma_ex.o" --specs=nano.specs -mfpu=fpv4-sp-d16 -mfloat-abi=hard -mthumb -o "Drivers/STM32F4xx_HAL_Driver/Src/stm32f4xx_hal_dma_ex.o"
arm-none-eabi-gcc "../Drivers/STM32F4xx_HAL_Driver/Src/stm32f4xx_hal_exti.c" -mcpu=cortex-m4 -std=gnu11 -g3 -DDEBUG -DUSE_HAL_DRIVER -DSTM32F401xE -c -I"C:/Users/gssan/OneDrive/Documentos/GitHub/STM32_ApliacionesAvanzadas/Ejemplo2_FreeRTOS/Middlewares/Third_Party/FreeRTOS/include" -I"C:/Users/gssan/OneDrive/Documentos/GitHub/STM32_ApliacionesAvanzadas/Ejemplo2_FreeRTOS/Middlewares/Third_Party/FreeRTOS/portable/GCC/ARM_CM4F" -I../Core/Inc -I"C:/Users/gssan/OneDrive/Documentos/GitHub/STM32_ApliacionesAvanzadas/Ejemplo2_FreeRTOS/Middlewares/Third_Party/SEGGER/Config" -I"C:/Users/gssan/OneDrive/Documentos/GitHub/STM32_ApliacionesAvanzadas/Ejemplo2_FreeRTOS/Middlewares/Third_Party/SEGGER/OS" -I"C:/Users/gssan/OneDrive/Documentos/GitHub/STM32_ApliacionesAvanzadas/Ejemplo2_FreeRTOS/Middlewares/Third_Party/SEGGER/SEGGER" -I../Drivers/STM32F4xx_HAL_Driver/Inc -I../Drivers/STM32F4xx_HAL_Driver/Inc/Legacy -I../Drivers/CMSIS/Device/ST/STM32F4xx/Include -I../Drivers/CMSIS/Include -O0 -ffunction-sections -fdata-sections -Wall -fstack-usage -fcyclomatic-complexity -MMD -MP -MF"Drivers/STM32F4xx_HAL_Driver/Src/stm32f4xx_hal_exti.d" -MT"Drivers/STM32F4xx_HAL_Driver/Src/stm32f4xx_hal_exti.o" --specs=nano.specs -mfpu=fpv4-sp-d16 -mfloat-abi=hard -mthumb -o "Drivers/STM32F4xx_HAL_Driver/Src/stm32f4xx_hal_exti.o"
arm-none-eabi-gcc "../Drivers/STM32F4xx_HAL_Driver/Src/stm32f4xx_hal_flash.c" -mcpu=cortex-m4 -std=gnu11 -g3 -DDEBUG -DUSE_HAL_DRIVER -DSTM32F401xE -c -I"C:/Users/gssan/OneDrive/Documentos/GitHub/STM32_ApliacionesAvanzadas/Ejemplo2_FreeRTOS/Middlewares/Third_Party/FreeRTOS/include" -I"C:/Users/gssan/OneDrive/Documentos/GitHub/STM32_ApliacionesAvanzadas/Ejemplo2_FreeRTOS/Middlewares/Third_Party/FreeRTOS/portable/GCC/ARM_CM4F" -I../Core/Inc -I"C:/Users/gssan/OneDrive/Documentos/GitHub/STM32_ApliacionesAvanzadas/Ejemplo2_FreeRTOS/Middlewares/Third_Party/SEGGER/Config" -I"C:/Users/gssan/OneDrive/Documentos/GitHub/STM32_ApliacionesAvanzadas/Ejemplo2_FreeRTOS/Middlewares/Third_Party/SEGGER/OS" -I"C:/Users/gssan/OneDrive/Documentos/GitHub/STM32_ApliacionesAvanzadas/Ejemplo2_FreeRTOS/Middlewares/Third_Party/SEGGER/SEGGER" -I../Drivers/STM32F4xx_HAL_Driver/Inc -I../Drivers/STM32F4xx_HAL_Driver/Inc/Legacy -I../Drivers/CMSIS/Device/ST/STM32F4xx/Include -I../Drivers/CMSIS/Include -O0 -ffunction-sections -fdata-sections -Wall -fstack-usage -fcyclomatic-complexity -MMD -MP -MF"Drivers/STM32F4xx_HAL_Driver/Src/stm32f4xx_hal_flash.d" -MT"Drivers/STM32F4xx_HAL_Driver/Src/stm32f4xx_hal_flash.o" --specs=nano.specs -mfpu=fpv4-sp-d16 -mfloat-abi=hard -mthumb -o "Drivers/STM32F4xx_HAL_Driver/Src/stm32f4xx_hal_flash.o"
arm-none-eabi-gcc "../Drivers/STM32F4xx_HAL_Driver/Src/stm32f4xx_hal_flash_ex.c" -mcpu=cortex-m4 -std=gnu11 -g3 -DDEBUG -DUSE_HAL_DRIVER -DSTM32F401xE -c -I"C:/Users/gssan/OneDrive/Documentos/GitHub/STM32_ApliacionesAvanzadas/Ejemplo2_FreeRTOS/Middlewares/Third_Party/FreeRTOS/include" -I"C:/Users/gssan/OneDrive/Documentos/GitHub/STM32_ApliacionesAvanzadas/Ejemplo2_FreeRTOS/Middlewares/Third_Party/FreeRTOS/portable/GCC/ARM_CM4F" -I../Core/Inc -I"C:/Users/gssan/OneDrive/Documentos/GitHub/STM32_ApliacionesAvanzadas/Ejemplo2_FreeRTOS/Middlewares/Third_Party/SEGGER/Config" -I"C:/Users/gssan/OneDrive/Documentos/GitHub/STM32_ApliacionesAvanzadas/Ejemplo2_FreeRTOS/Middlewares/Third_Party/SEGGER/OS" -I"C:/Users/gssan/OneDrive/Documentos/GitHub/STM32_ApliacionesAvanzadas/Ejemplo2_FreeRTOS/Middlewares/Third_Party/SEGGER/SEGGER" -I../Drivers/STM32F4xx_HAL_Driver/Inc -I../Drivers/STM32F4xx_HAL_Driver/Inc/Legacy -I../Drivers/CMSIS/Device/ST/STM32F4xx/Include -I../Drivers/CMSIS/Include -O0 -ffunction-sections -fdata-sections -Wall -fstack-usage -fcyclomatic-complexity -MMD -MP -MF"Drivers/STM32F4xx_HAL_Driver/Src/stm32f4xx_hal_flash_ex.d" -MT"Drivers/STM32F4xx_HAL_Driver/Src/stm32f4xx_hal_flash_ex.o" --specs=nano.specs -mfpu=fpv4-sp-d16 -mfloat-abi=hard -mthumb -o "Drivers/STM32F4xx_HAL_Driver/Src/stm32f4xx_hal_flash_ex.o"
arm-none-eabi-gcc "../Drivers/STM32F4xx_HAL_Driver/Src/stm32f4xx_hal_flash_ramfunc.c" -mcpu=cortex-m4 -std=gnu11 -g3 -DDEBUG -DUSE_HAL_DRIVER -DSTM32F401xE -c -I"C:/Users/gssan/OneDrive/Documentos/GitHub/STM32_ApliacionesAvanzadas/Ejemplo2_FreeRTOS/Middlewares/Third_Party/FreeRTOS/include" -I"C:/Users/gssan/OneDrive/Documentos/GitHub/STM32_ApliacionesAvanzadas/Ejemplo2_FreeRTOS/Middlewares/Third_Party/FreeRTOS/portable/GCC/ARM_CM4F" -I../Core/Inc -I"C:/Users/gssan/OneDrive/Documentos/GitHub/STM32_ApliacionesAvanzadas/Ejemplo2_FreeRTOS/Middlewares/Third_Party/SEGGER/Config" -I"C:/Users/gssan/OneDrive/Documentos/GitHub/STM32_ApliacionesAvanzadas/Ejemplo2_FreeRTOS/Middlewares/Third_Party/SEGGER/OS" -I"C:/Users/gssan/OneDrive/Documentos/GitHub/STM32_ApliacionesAvanzadas/Ejemplo2_FreeRTOS/Middlewares/Third_Party/SEGGER/SEGGER" -I../Drivers/STM32F4xx_HAL_Driver/Inc -I../Drivers/STM32F4xx_HAL_Driver/Inc/Legacy -I../Drivers/CMSIS/Device/ST/STM32F4xx/Include -I../Drivers/CMSIS/Include -O0 -ffunction-sections -fdata-sections -Wall -fstack-usage -fcyclomatic-complexity -MMD -MP -MF"Drivers/STM32F4xx_HAL_Driver/Src/stm32f4xx_hal_flash_ramfunc.d" -MT"Drivers/STM32F4xx_HAL_Driver/Src/stm32f4xx_hal_flash_ramfunc.o" --specs=nano.specs -mfpu=fpv4-sp-d16 -mfloat-abi=hard -mthumb -o "Drivers/STM32F4xx_HAL_Driver/Src/stm32f4xx_hal_flash_ramfunc.o"
arm-none-eabi-gcc "../Drivers/STM32F4xx_HAL_Driver/Src/stm32f4xx_hal_gpio.c" -mcpu=cortex-m4 -std=gnu11 -g3 -DDEBUG -DUSE_HAL_DRIVER -DSTM32F401xE -c -I"C:/Users/gssan/OneDrive/Documentos/GitHub/STM32_ApliacionesAvanzadas/Ejemplo2_FreeRTOS/Middlewares/Third_Party/FreeRTOS/include" -I"C:/Users/gssan/OneDrive/Documentos/GitHub/STM32_ApliacionesAvanzadas/Ejemplo2_FreeRTOS/Middlewares/Third_Party/FreeRTOS/portable/GCC/ARM_CM4F" -I../Core/Inc -I"C:/Users/gssan/OneDrive/Documentos/GitHub/STM32_ApliacionesAvanzadas/Ejemplo2_FreeRTOS/Middlewares/Third_Party/SEGGER/Config" -I"C:/Users/gssan/OneDrive/Documentos/GitHub/STM32_ApliacionesAvanzadas/Ejemplo2_FreeRTOS/Middlewares/Third_Party/SEGGER/OS" -I"C:/Users/gssan/OneDrive/Documentos/GitHub/STM32_ApliacionesAvanzadas/Ejemplo2_FreeRTOS/Middlewares/Third_Party/SEGGER/SEGGER" -I../Drivers/STM32F4xx_HAL_Driver/Inc -I../Drivers/STM32F4xx_HAL_Driver/Inc/Legacy -I../Drivers/CMSIS/Device/ST/STM32F4xx/Include -I../Drivers/CMSIS/Include -O0 -ffunction-sections -fdata-sections -Wall -fstack-usage -fcyclomatic-complexity -MMD -MP -MF"Drivers/STM32F4xx_HAL_Driver/Src/stm32f4xx_hal_gpio.d" -MT"Drivers/STM32F4xx_HAL_Driver/Src/stm32f4xx_hal_gpio.o" --specs=nano.specs -mfpu=fpv4-sp-d16 -mfloat-abi=hard -mthumb -o "Drivers/STM32F4xx_HAL_Driver/Src/stm32f4xx_hal_gpio.o"
arm-none-eabi-gcc "../Drivers/STM32F4xx_HAL_Driver/Src/stm32f4xx_hal_pwr.c" -mcpu=cortex-m4 -std=gnu11 -g3 -DDEBUG -DUSE_HAL_DRIVER -DSTM32F401xE -c -I"C:/Users/gssan/OneDrive/Documentos/GitHub/STM32_ApliacionesAvanzadas/Ejemplo2_FreeRTOS/Middlewares/Third_Party/FreeRTOS/include" -I"C:/Users/gssan/OneDrive/Documentos/GitHub/STM32_ApliacionesAvanzadas/Ejemplo2_FreeRTOS/Middlewares/Third_Party/FreeRTOS/portable/GCC/ARM_CM4F" -I../Core/Inc -I"C:/Users/gssan/OneDrive/Documentos/GitHub/STM32_ApliacionesAvanzadas/Ejemplo2_FreeRTOS/Middlewares/Third_Party/SEGGER/Config" -I"C:/Users/gssan/OneDrive/Documentos/GitHub/STM32_ApliacionesAvanzadas/Ejemplo2_FreeRTOS/Middlewares/Third_Party/SEGGER/OS" -I"C:/Users/gssan/OneDrive/Documentos/GitHub/STM32_ApliacionesAvanzadas/Ejemplo2_FreeRTOS/Middlewares/Third_Party/SEGGER/SEGGER" -I../Drivers/STM32F4xx_HAL_Driver/Inc -I../Drivers/STM32F4xx_HAL_Driver/Inc/Legacy -I../Drivers/CMSIS/Device/ST/STM32F4xx/Include -I../Drivers/CMSIS/Include -O0 -ffunction-sections -fdata-sections -Wall -fstack-usage -fcyclomatic-complexity -MMD -MP -MF"Drivers/STM32F4xx_HAL_Driver/Src/stm32f4xx_hal_pwr.d" -MT"Drivers/STM32F4xx_HAL_Driver/Src/stm32f4xx_hal_pwr.o" --specs=nano.specs -mfpu=fpv4-sp-d16 -mfloat-abi=hard -mthumb -o "Drivers/STM32F4xx_HAL_Driver/Src/stm32f4xx_hal_pwr.o"
arm-none-eabi-gcc "../Drivers/STM32F4xx_HAL_Driver/Src/stm32f4xx_hal_pwr_ex.c" -mcpu=cortex-m4 -std=gnu11 -g3 -DDEBUG -DUSE_HAL_DRIVER -DSTM32F401xE -c -I"C:/Users/gssan/OneDrive/Documentos/GitHub/STM32_ApliacionesAvanzadas/Ejemplo2_FreeRTOS/Middlewares/Third_Party/FreeRTOS/include" -I"C:/Users/gssan/OneDrive/Documentos/GitHub/STM32_ApliacionesAvanzadas/Ejemplo2_FreeRTOS/Middlewares/Third_Party/FreeRTOS/portable/GCC/ARM_CM4F" -I../Core/Inc -I"C:/Users/gssan/OneDrive/Documentos/GitHub/STM32_ApliacionesAvanzadas/Ejemplo2_FreeRTOS/Middlewares/Third_Party/SEGGER/Config" -I"C:/Users/gssan/OneDrive/Documentos/GitHub/STM32_ApliacionesAvanzadas/Ejemplo2_FreeRTOS/Middlewares/Third_Party/SEGGER/OS" -I"C:/Users/gssan/OneDrive/Documentos/GitHub/STM32_ApliacionesAvanzadas/Ejemplo2_FreeRTOS/Middlewares/Third_Party/SEGGER/SEGGER" -I../Drivers/STM32F4xx_HAL_Driver/Inc -I../Drivers/STM32F4xx_HAL_Driver/Inc/Legacy -I../Drivers/CMSIS/Device/ST/STM32F4xx/Include -I../Drivers/CMSIS/Include -O0 -ffunction-sections -fdata-sections -Wall -fstack-usage -fcyclomatic-complexity -MMD -MP -MF"Drivers/STM32F4xx_HAL_Driver/Src/stm32f4xx_hal_pwr_ex.d" -MT"Drivers/STM32F4xx_HAL_Driver/Src/stm32f4xx_hal_pwr_ex.o" --specs=nano.specs -mfpu=fpv4-sp-d16 -mfloat-abi=hard -mthumb -o "Drivers/STM32F4xx_HAL_Driver/Src/stm32f4xx_hal_pwr_ex.o"
arm-none-eabi-gcc "../Drivers/STM32F4xx_HAL_Driver/Src/stm32f4xx_hal_rcc.c" -mcpu=cortex-m4 -std=gnu11 -g3 -DDEBUG -DUSE_HAL_DRIVER -DSTM32F401xE -c -I"C:/Users/gssan/OneDrive/Documentos/GitHub/STM32_ApliacionesAvanzadas/Ejemplo2_FreeRTOS/Middlewares/Third_Party/FreeRTOS/include" -I"C:/Users/gssan/OneDrive/Documentos/GitHub/STM32_ApliacionesAvanzadas/Ejemplo2_FreeRTOS/Middlewares/Third_Party/FreeRTOS/portable/GCC/ARM_CM4F" -I../Core/Inc -I"C:/Users/gssan/OneDrive/Documentos/GitHub/STM32_ApliacionesAvanzadas/Ejemplo2_FreeRTOS/Middlewares/Third_Party/SEGGER/Config" -I"C:/Users/gssan/OneDrive/Documentos/GitHub/STM32_ApliacionesAvanzadas/Ejemplo2_FreeRTOS/Middlewares/Third_Party/SEGGER/OS" -I"C:/Users/gssan/OneDrive/Documentos/GitHub/STM32_ApliacionesAvanzadas/Ejemplo2_FreeRTOS/Middlewares/Third_Party/SEGGER/SEGGER" -I../Drivers/STM32F4xx_HAL_Driver/Inc -I../Drivers/STM32F4xx_HAL_Driver/Inc/Legacy -I../Drivers/CMSIS/Device/ST/STM32F4xx/Include -I../Drivers/CMSIS/Include -O0 -ffunction-sections -fdata-sections -Wall -fstack-usage -fcyclomatic-complexity -MMD -MP -MF"Drivers/STM32F4xx_HAL_Driver/Src/stm32f4xx_hal_rcc.d" -MT"Drivers/STM32F4xx_HAL_Driver/Src/stm32f4xx_hal_rcc.o" --specs=nano.specs -mfpu=fpv4-sp-d16 -mfloat-abi=hard -mthumb -o "Drivers/STM32F4xx_HAL_Driver/Src/stm32f4xx_hal_rcc.o"
arm-none-eabi-gcc "../Drivers/STM32F4xx_HAL_Driver/Src/stm32f4xx_hal_rcc_ex.c" -mcpu=cortex-m4 -std=gnu11 -g3 -DDEBUG -DUSE_HAL_DRIVER -DSTM32F401xE -c -I"C:/Users/gssan/OneDrive/Documentos/GitHub/STM32_ApliacionesAvanzadas/Ejemplo2_FreeRTOS/Middlewares/Third_Party/FreeRTOS/include" -I"C:/Users/gssan/OneDrive/Documentos/GitHub/STM32_ApliacionesAvanzadas/Ejemplo2_FreeRTOS/Middlewares/Third_Party/FreeRTOS/portable/GCC/ARM_CM4F" -I../Core/Inc -I"C:/Users/gssan/OneDrive/Documentos/GitHub/STM32_ApliacionesAvanzadas/Ejemplo2_FreeRTOS/Middlewares/Third_Party/SEGGER/Config" -I"C:/Users/gssan/OneDrive/Documentos/GitHub/STM32_ApliacionesAvanzadas/Ejemplo2_FreeRTOS/Middlewares/Third_Party/SEGGER/OS" -I"C:/Users/gssan/OneDrive/Documentos/GitHub/STM32_ApliacionesAvanzadas/Ejemplo2_FreeRTOS/Middlewares/Third_Party/SEGGER/SEGGER" -I../Drivers/STM32F4xx_HAL_Driver/Inc -I../Drivers/STM32F4xx_HAL_Driver/Inc/Legacy -I../Drivers/CMSIS/Device/ST/STM32F4xx/Include -I../Drivers/CMSIS/Include -O0 -ffunction-sections -fdata-sections -Wall -fstack-usage -fcyclomatic-complexity -MMD -MP -MF"Drivers/STM32F4xx_HAL_Driver/Src/stm32f4xx_hal_rcc_ex.d" -MT"Drivers/STM32F4xx_HAL_Driver/Src/stm32f4xx_hal_rcc_ex.o" --specs=nano.specs -mfpu=fpv4-sp-d16 -mfloat-abi=hard -mthumb -o "Drivers/STM32F4xx_HAL_Driver/Src/stm32f4xx_hal_rcc_ex.o"
arm-none-eabi-gcc "../Drivers/STM32F4xx_HAL_Driver/Src/stm32f4xx_hal_tim.c" -mcpu=cortex-m4 -std=gnu11 -g3 -DDEBUG -DUSE_HAL_DRIVER -DSTM32F401xE -c -I"C:/Users/gssan/OneDrive/Documentos/GitHub/STM32_ApliacionesAvanzadas/Ejemplo2_FreeRTOS/Middlewares/Third_Party/FreeRTOS/include" -I"C:/Users/gssan/OneDrive/Documentos/GitHub/STM32_ApliacionesAvanzadas/Ejemplo2_FreeRTOS/Middlewares/Third_Party/FreeRTOS/portable/GCC/ARM_CM4F" -I../Core/Inc -I"C:/Users/gssan/OneDrive/Documentos/GitHub/STM32_ApliacionesAvanzadas/Ejemplo2_FreeRTOS/Middlewares/Third_Party/SEGGER/Config" -I"C:/Users/gssan/OneDrive/Documentos/GitHub/STM32_ApliacionesAvanzadas/Ejemplo2_FreeRTOS/Middlewares/Third_Party/SEGGER/OS" -I"C:/Users/gssan/OneDrive/Documentos/GitHub/STM32_ApliacionesAvanzadas/Ejemplo2_FreeRTOS/Middlewares/Third_Party/SEGGER/SEGGER" -I../Drivers/STM32F4xx_HAL_Driver/Inc -I../Drivers/STM32F4xx_HAL_Driver/Inc/Legacy -I../Drivers/CMSIS/Device/ST/STM32F4xx/Include -I../Drivers/CMSIS/Include -O0 -ffunction-sections -fdata-sections -Wall -fstack-usage -fcyclomatic-complexity -MMD -MP -MF"Drivers/STM32F4xx_HAL_Driver/Src/stm32f4xx_hal_tim.d" -MT"Drivers/STM32F4xx_HAL_Driver/Src/stm32f4xx_hal_tim.o" --specs=nano.specs -mfpu=fpv4-sp-d16 -mfloat-abi=hard -mthumb -o "Drivers/STM32F4xx_HAL_Driver/Src/stm32f4xx_hal_tim.o"
arm-none-eabi-gcc "../Drivers/STM32F4xx_HAL_Driver/Src/stm32f4xx_hal_tim_ex.c" -mcpu=cortex-m4 -std=gnu11 -g3 -DDEBUG -DUSE_HAL_DRIVER -DSTM32F401xE -c -I"C:/Users/gssan/OneDrive/Documentos/GitHub/STM32_ApliacionesAvanzadas/Ejemplo2_FreeRTOS/Middlewares/Third_Party/FreeRTOS/include" -I"C:/Users/gssan/OneDrive/Documentos/GitHub/STM32_ApliacionesAvanzadas/Ejemplo2_FreeRTOS/Middlewares/Third_Party/FreeRTOS/portable/GCC/ARM_CM4F" -I../Core/Inc -I"C:/Users/gssan/OneDrive/Documentos/GitHub/STM32_ApliacionesAvanzadas/Ejemplo2_FreeRTOS/Middlewares/Third_Party/SEGGER/Config" -I"C:/Users/gssan/OneDrive/Documentos/GitHub/STM32_ApliacionesAvanzadas/Ejemplo2_FreeRTOS/Middlewares/Third_Party/SEGGER/OS" -I"C:/Users/gssan/OneDrive/Documentos/GitHub/STM32_ApliacionesAvanzadas/Ejemplo2_FreeRTOS/Middlewares/Third_Party/SEGGER/SEGGER" -I../Drivers/STM32F4xx_HAL_Driver/Inc -I../Drivers/STM32F4xx_HAL_Driver/Inc/Legacy -I../Drivers/CMSIS/Device/ST/STM32F4xx/Include -I../Drivers/CMSIS/Include -O0 -ffunction-sections -fdata-sections -Wall -fstack-usage -fcyclomatic-complexity -MMD -MP -MF"Drivers/STM32F4xx_HAL_Driver/Src/stm32f4xx_hal_tim_ex.d" -MT"Drivers/STM32F4xx_HAL_Driver/Src/stm32f4xx_hal_tim_ex.o" --specs=nano.specs -mfpu=fpv4-sp-d16 -mfloat-abi=hard -mthumb -o "Drivers/STM32F4xx_HAL_Driver/Src/stm32f4xx_hal_tim_ex.o"
arm-none-eabi-gcc "../Drivers/STM32F4xx_HAL_Driver/Src/stm32f4xx_hal_uart.c" -mcpu=cortex-m4 -std=gnu11 -g3 -DDEBUG -DUSE_HAL_DRIVER -DSTM32F401xE -c -I"C:/Users/gssan/OneDrive/Documentos/GitHub/STM32_ApliacionesAvanzadas/Ejemplo2_FreeRTOS/Middlewares/Third_Party/FreeRTOS/include" -I"C:/Users/gssan/OneDrive/Documentos/GitHub/STM32_ApliacionesAvanzadas/Ejemplo2_FreeRTOS/Middlewares/Third_Party/FreeRTOS/portable/GCC/ARM_CM4F" -I../Core/Inc -I"C:/Users/gssan/OneDrive/Documentos/GitHub/STM32_ApliacionesAvanzadas/Ejemplo2_FreeRTOS/Middlewares/Third_Party/SEGGER/Config" -I"C:/Users/gssan/OneDrive/Documentos/GitHub/STM32_ApliacionesAvanzadas/Ejemplo2_FreeRTOS/Middlewares/Third_Party/SEGGER/OS" -I"C:/Users/gssan/OneDrive/Documentos/GitHub/STM32_ApliacionesAvanzadas/Ejemplo2_FreeRTOS/Middlewares/Third_Party/SEGGER/SEGGER" -I../Drivers/STM32F4xx_HAL_Driver/Inc -I../Drivers/STM32F4xx_HAL_Driver/Inc/Legacy -I../Drivers/CMSIS/Device/ST/STM32F4xx/Include -I../Drivers/CMSIS/Include -O0 -ffunction-sections -fdata-sections -Wall -fstack-usage -fcyclomatic-complexity -MMD -MP -MF"Drivers/STM32F4xx_HAL_Driver/Src/stm32f4xx_hal_uart.d" -MT"Drivers/STM32F4xx_HAL_Driver/Src/stm32f4xx_hal_uart.o" --specs=nano.specs -mfpu=fpv4-sp-d16 -mfloat-abi=hard -mthumb -o "Drivers/STM32F4xx_HAL_Driver/Src/stm32f4xx_hal_uart.o"
arm-none-eabi-gcc "../Core/Src/gpio.c" -mcpu=cortex-m4 -std=gnu11 -g3 -DDEBUG -DUSE_HAL_DRIVER -DSTM32F401xE -c -I"C:/Users/gssan/OneDrive/Documentos/GitHub/STM32_ApliacionesAvanzadas/Ejemplo2_FreeRTOS/Middlewares/Third_Party/FreeRTOS/include" -I"C:/Users/gssan/OneDrive/Documentos/GitHub/STM32_ApliacionesAvanzadas/Ejemplo2_FreeRTOS/Middlewares/Third_Party/FreeRTOS/portable/GCC/ARM_CM4F" -I../Core/Inc -I"C:/Users/gssan/OneDrive/Documentos/GitHub/STM32_ApliacionesAvanzadas/Ejemplo2_FreeRTOS/Middlewares/Third_Party/SEGGER/Config" -I"C:/Users/gssan/OneDrive/Documentos/GitHub/STM32_ApliacionesAvanzadas/Ejemplo2_FreeRTOS/Middlewares/Third_Party/SEGGER/OS" -I"C:/Users/gssan/OneDrive/Documentos/GitHub/STM32_ApliacionesAvanzadas/Ejemplo2_FreeRTOS/Middlewares/Third_Party/SEGGER/SEGGER" -I../Drivers/STM32F4xx_HAL_Driver/Inc -I../Drivers/STM32F4xx_HAL_Driver/Inc/Legacy -I../Drivers/CMSIS/Device/ST/STM32F4xx/Include -I../Drivers/CMSIS/Include -O0 -ffunction-sections -fdata-sections -Wall -fstack-usage -fcyclomatic-complexity -MMD -MP -MF"Core/Src/gpio.d" -MT"Core/Src/gpio.o" --specs=nano.specs -mfpu=fpv4-sp-d16 -mfloat-abi=hard -mthumb -o "Core/Src/gpio.o"
arm-none-eabi-gcc "../Core/Src/main.c" -mcpu=cortex-m4 -std=gnu11 -g3 -DDEBUG -DUSE_HAL_DRIVER -DSTM32F401xE -c -I"C:/Users/gssan/OneDrive/Documentos/GitHub/STM32_ApliacionesAvanzadas/Ejemplo2_FreeRTOS/Middlewares/Third_Party/FreeRTOS/include" -I"C:/Users/gssan/OneDrive/Documentos/GitHub/STM32_ApliacionesAvanzadas/Ejemplo2_FreeRTOS/Middlewares/Third_Party/FreeRTOS/portable/GCC/ARM_CM4F" -I../Core/Inc -I"C:/Users/gssan/OneDrive/Documentos/GitHub/STM32_ApliacionesAvanzadas/Ejemplo2_FreeRTOS/Middlewares/Third_Party/SEGGER/Config" -I"C:/Users/gssan/OneDrive/Documentos/GitHub/STM32_ApliacionesAvanzadas/Ejemplo2_FreeRTOS/Middlewares/Third_Party/SEGGER/OS" -I"C:/Users/gssan/OneDrive/Documentos/GitHub/STM32_ApliacionesAvanzadas/Ejemplo2_FreeRTOS/Middlewares/Third_Party/SEGGER/SEGGER" -I../Drivers/STM32F4xx_HAL_Driver/Inc -I../Drivers/STM32F4xx_HAL_Driver/Inc/Legacy -I../Drivers/CMSIS/Device/ST/STM32F4xx/Include -I../Drivers/CMSIS/Include -O0 -ffunction-sections -fdata-sections -Wall -fstack-usage -fcyclomatic-complexity -MMD -MP -MF"Core/Src/main.d" -MT"Core/Src/main.o" --specs=nano.specs -mfpu=fpv4-sp-d16 -mfloat-abi=hard -mthumb -o "Core/Src/main.o"
arm-none-eabi-gcc "../Core/Src/stm32f4xx_hal_msp.c" -mcpu=cortex-m4 -std=gnu11 -g3 -DDEBUG -DUSE_HAL_DRIVER -DSTM32F401xE -c -I"C:/Users/gssan/OneDrive/Documentos/GitHub/STM32_ApliacionesAvanzadas/Ejemplo2_FreeRTOS/Middlewares/Third_Party/FreeRTOS/include" -I"C:/Users/gssan/OneDrive/Documentos/GitHub/STM32_ApliacionesAvanzadas/Ejemplo2_FreeRTOS/Middlewares/Third_Party/FreeRTOS/portable/GCC/ARM_CM4F" -I../Core/Inc -I"C:/Users/gssan/OneDrive/Documentos/GitHub/STM32_ApliacionesAvanzadas/Ejemplo2_FreeRTOS/Middlewares/Third_Party/SEGGER/Config" -I"C:/Users/gssan/OneDrive/Documentos/GitHub/STM32_ApliacionesAvanzadas/Ejemplo2_FreeRTOS/Middlewares/Third_Party/SEGGER/OS" -I"C:/Users/gssan/OneDrive/Documentos/GitHub/STM32_ApliacionesAvanzadas/Ejemplo2_FreeRTOS/Middlewares/Third_Party/SEGGER/SEGGER" -I../Drivers/STM32F4xx_HAL_Driver/Inc -I../Drivers/STM32F4xx_HAL_Driver/Inc/Legacy -I../Drivers/CMSIS/Device/ST/STM32F4xx/Include -I../Drivers/CMSIS/Include -O0 -ffunction-sections -fdata-sections -Wall -fstack-usage -fcyclomatic-complexity -MMD -MP -MF"Core/Src/stm32f4xx_hal_msp.d" -MT"Core/Src/stm32f4xx_hal_msp.o" --specs=nano.specs -mfpu=fpv4-sp-d16 -mfloat-abi=hard -mthumb -o "Core/Src/stm32f4xx_hal_msp.o"
arm-none-eabi-gcc "../Core/Src/stm32f4xx_hal_timebase_tim.c" -mcpu=cortex-m4 -std=gnu11 -g3 -DDEBUG -DUSE_HAL_DRIVER -DSTM32F401xE -c -I"C:/Users/gssan/OneDrive/Documentos/GitHub/STM32_ApliacionesAvanzadas/Ejemplo2_FreeRTOS/Middlewares/Third_Party/FreeRTOS/include" -I"C:/Users/gssan/OneDrive/Documentos/GitHub/STM32_ApliacionesAvanzadas/Ejemplo2_FreeRTOS/Middlewares/Third_Party/FreeRTOS/portable/GCC/ARM_CM4F" -I../Core/Inc -I"C:/Users/gssan/OneDrive/Documentos/GitHub/STM32_ApliacionesAvanzadas/Ejemplo2_FreeRTOS/Middlewares/Third_Party/SEGGER/Config" -I"C:/Users/gssan/OneDrive/Documentos/GitHub/STM32_ApliacionesAvanzadas/Ejemplo2_FreeRTOS/Middlewares/Third_Party/SEGGER/OS" -I"C:/Users/gssan/OneDrive/Documentos/GitHub/STM32_ApliacionesAvanzadas/Ejemplo2_FreeRTOS/Middlewares/Third_Party/SEGGER/SEGGER" -I../Drivers/STM32F4xx_HAL_Driver/Inc -I../Drivers/STM32F4xx_HAL_Driver/Inc/Legacy -I../Drivers/CMSIS/Device/ST/STM32F4xx/Include -I../Drivers/CMSIS/Include -O0 -ffunction-sections -fdata-sections -Wall -fstack-usage -fcyclomatic-complexity -MMD -MP -MF"Core/Src/stm32f4xx_hal_timebase_tim.d" -MT"Core/Src/stm32f4xx_hal_timebase_tim.o" --specs=nano.specs -mfpu=fpv4-sp-d16 -mfloat-abi=hard -mthumb -o "Core/Src/stm32f4xx_hal_timebase_tim.o"
arm-none-eabi-gcc "../Core/Src/stm32f4xx_it.c" -mcpu=cortex-m4 -std=gnu11 -g3 -DDEBUG -DUSE_HAL_DRIVER -DSTM32F401xE -c -I"C:/Users/gssan/OneDrive/Documentos/GitHub/STM32_ApliacionesAvanzadas/Ejemplo2_FreeRTOS/Middlewares/Third_Party/FreeRTOS/include" -I"C:/Users/gssan/OneDrive/Documentos/GitHub/STM32_ApliacionesAvanzadas/Ejemplo2_FreeRTOS/Middlewares/Third_Party/FreeRTOS/portable/GCC/ARM_CM4F" -I../Core/Inc -I"C:/Users/gssan/OneDrive/Documentos/GitHub/STM32_ApliacionesAvanzadas/Ejemplo2_FreeRTOS/Middlewares/Third_Party/SEGGER/Config" -I"C:/Users/gssan/OneDrive/Documentos/GitHub/STM32_ApliacionesAvanzadas/Ejemplo2_FreeRTOS/Middlewares/Third_Party/SEGGER/OS" -I"C:/Users/gssan/OneDrive/Documentos/GitHub/STM32_ApliacionesAvanzadas/Ejemplo2_FreeRTOS/Middlewares/Third_Party/SEGGER/SEGGER" -I../Drivers/STM32F4xx_HAL_Driver/Inc -I../Drivers/STM32F4xx_HAL_Driver/Inc/Legacy -I../Drivers/CMSIS/Device/ST/STM32F4xx/Include -I../Drivers/CMSIS/Include -O0 -ffunction-sections -fdata-sections -Wall -fstack-usage -fcyclomatic-complexity -MMD -MP -MF"Core/Src/stm32f4xx_it.d" -MT"Core/Src/stm32f4xx_it.o" --specs=nano.specs -mfpu=fpv4-sp-d16 -mfloat-abi=hard -mthumb -o "Core/Src/stm32f4xx_it.o"
arm-none-eabi-gcc "../Core/Src/syscalls.c" -mcpu=cortex-m4 -std=gnu11 -g3 -DDEBUG -DUSE_HAL_DRIVER -DSTM32F401xE -c -I"C:/Users/gssan/OneDrive/Documentos/GitHub/STM32_ApliacionesAvanzadas/Ejemplo2_FreeRTOS/Middlewares/Third_Party/FreeRTOS/include" -I"C:/Users/gssan/OneDrive/Documentos/GitHub/STM32_ApliacionesAvanzadas/Ejemplo2_FreeRTOS/Middlewares/Third_Party/FreeRTOS/portable/GCC/ARM_CM4F" -I../Core/Inc -I"C:/Users/gssan/OneDrive/Documentos/GitHub/STM32_ApliacionesAvanzadas/Ejemplo2_FreeRTOS/Middlewares/Third_Party/SEGGER/Config" -I"C:/Users/gssan/OneDrive/Documentos/GitHub/STM32_ApliacionesAvanzadas/Ejemplo2_FreeRTOS/Middlewares/Third_Party/SEGGER/OS" -I"C:/Users/gssan/OneDrive/Documentos/GitHub/STM32_ApliacionesAvanzadas/Ejemplo2_FreeRTOS/Middlewares/Third_Party/SEGGER/SEGGER" -I../Drivers/STM32F4xx_HAL_Driver/Inc -I../Drivers/STM32F4xx_HAL_Driver/Inc/Legacy -I../Drivers/CMSIS/Device/ST/STM32F4xx/Include -I../Drivers/CMSIS/Include -O0 -ffunction-sections -fdata-sections -Wall -fstack-usage -fcyclomatic-complexity -MMD -MP -MF"Core/Src/syscalls.d" -MT"Core/Src/syscalls.o" --specs=nano.specs -mfpu=fpv4-sp-d16 -mfloat-abi=hard -mthumb -o "Core/Src/syscalls.o"
arm-none-eabi-gcc "../Core/Src/system_stm32f4xx.c" -mcpu=cortex-m4 -std=gnu11 -g3 -DDEBUG -DUSE_HAL_DRIVER -DSTM32F401xE -c -I"C:/Users/gssan/OneDrive/Documentos/GitHub/STM32_ApliacionesAvanzadas/Ejemplo2_FreeRTOS/Middlewares/Third_Party/FreeRTOS/include" -I"C:/Users/gssan/OneDrive/Documentos/GitHub/STM32_ApliacionesAvanzadas/Ejemplo2_FreeRTOS/Middlewares/Third_Party/FreeRTOS/portable/GCC/ARM_CM4F" -I../Core/Inc -I"C:/Users/gssan/OneDrive/Documentos/GitHub/STM32_ApliacionesAvanzadas/Ejemplo2_FreeRTOS/Middlewares/Third_Party/SEGGER/Config" -I"C:/Users/gssan/OneDrive/Documentos/GitHub/STM32_ApliacionesAvanzadas/Ejemplo2_FreeRTOS/Middlewares/Third_Party/SEGGER/OS" -I"C:/Users/gssan/OneDrive/Documentos/GitHub/STM32_ApliacionesAvanzadas/Ejemplo2_FreeRTOS/Middlewares/Third_Party/SEGGER/SEGGER" -I../Drivers/STM32F4xx_HAL_Driver/Inc -I../Drivers/STM32F4xx_HAL_Driver/Inc/Legacy -I../Drivers/CMSIS/Device/ST/STM32F4xx/Include -I../Drivers/CMSIS/Include -O0 -ffunction-sections -fdata-sections -Wall -fstack-usage -fcyclomatic-complexity -MMD -MP -MF"Core/Src/system_stm32f4xx.d" -MT"Core/Src/system_stm32f4xx.o" --specs=nano.specs -mfpu=fpv4-sp-d16 -mfloat-abi=hard -mthumb -o "Core/Src/system_stm32f4xx.o"
arm-none-eabi-gcc "../Core/Src/usart.c" -mcpu=cortex-m4 -std=gnu11 -g3 -DDEBUG -DUSE_HAL_DRIVER -DSTM32F401xE -c -I"C:/Users/gssan/OneDrive/Documentos/GitHub/STM32_ApliacionesAvanzadas/Ejemplo2_FreeRTOS/Middlewares/Third_Party/FreeRTOS/include" -I"C:/Users/gssan/OneDrive/Documentos/GitHub/STM32_ApliacionesAvanzadas/Ejemplo2_FreeRTOS/Middlewares/Third_Party/FreeRTOS/portable/GCC/ARM_CM4F" -I../Core/Inc -I"C:/Users/gssan/OneDrive/Documentos/GitHub/STM32_ApliacionesAvanzadas/Ejemplo2_FreeRTOS/Middlewares/Third_Party/SEGGER/Config" -I"C:/Users/gssan/OneDrive/Documentos/GitHub/STM32_ApliacionesAvanzadas/Ejemplo2_FreeRTOS/Middlewares/Third_Party/SEGGER/OS" -I"C:/Users/gssan/OneDrive/Documentos/GitHub/STM32_ApliacionesAvanzadas/Ejemplo2_FreeRTOS/Middlewares/Third_Party/SEGGER/SEGGER" -I../Drivers/STM32F4xx_HAL_Driver/Inc -I../Drivers/STM32F4xx_HAL_Driver/Inc/Legacy -I../Drivers/CMSIS/Device/ST/STM32F4xx/Include -I../Drivers/CMSIS/Include -O0 -ffunction-sections -fdata-sections -Wall -fstack-usage -fcyclomatic-complexity -MMD -MP -MF"Core/Src/usart.d" -MT"Core/Src/usart.o" --specs=nano.specs -mfpu=fpv4-sp-d16 -mfloat-abi=hard -mthumb -o "Core/Src/usart.o"
arm-none-eabi-gcc -o "Ejemplo2_FreeRTOS.elf" @"objects.list"   -mcpu=cortex-m4 -T"C:\Users\gssan\OneDrive\Documentos\GitHub\STM32_ApliacionesAvanzadas\Ejemplo2_FreeRTOS\STM32F401RETX_FLASH.ld" --specs=nosys.specs -Wl,-Map="Ejemplo2_FreeRTOS.map" -Wl,--gc-sections -static --specs=nano.specs -mfpu=fpv4-sp-d16 -mfloat-abi=hard -mthumb -Wl,--start-group -lc -lm -Wl,--end-group
Finished building target: Ejemplo2_FreeRTOS.elf
 
arm-none-eabi-size   Ejemplo2_FreeRTOS.elf 
arm-none-eabi-objdump -h -S  Ejemplo2_FreeRTOS.elf  > "Ejemplo2_FreeRTOS.list"
   text	   data	    bss	    dec	    hex	filename
  23908	     28	  19036	  42972	   a7dc	Ejemplo2_FreeRTOS.elf
Finished building: default.size.stdout
 
Finished building: Ejemplo2_FreeRTOS.list
 

20:47:29 Build Finished. 0 errors, 1 warnings. (took 39s.2ms)

