22:35:59 **** Incremental Build of configuration Debug for project Ejemplo3_Queue ****
make -j4 all 
arm-none-eabi-gcc "../Core/Src/main.c" -mcpu=cortex-m4 -std=gnu11 -g3 -DDEBUG -DUSE_HAL_DRIVER -DSTM32F401xE -c -I"C:/Users/gssan/OneDrive/Documentos/GitHub/STM32_ApliacionesAvanzadas/Ejemplo3_Queue/Middlewares/Third_Party/FreeRTOS/include" -I"C:/Users/gssan/OneDrive/Documentos/GitHub/STM32_ApliacionesAvanzadas/Ejemplo3_Queue/Middlewares/Third_Party/FreeRTOS/portable/GCC/ARM_CM4F" -I../Core/Inc -I"C:/Users/gssan/OneDrive/Documentos/GitHub/STM32_ApliacionesAvanzadas/Ejemplo3_Queue/Middlewares/Third_Party/SEGGER/Config" -I"C:/Users/gssan/OneDrive/Documentos/GitHub/STM32_ApliacionesAvanzadas/Ejemplo3_Queue/Middlewares/Third_Party/SEGGER/OS" -I"C:/Users/gssan/OneDrive/Documentos/GitHub/STM32_ApliacionesAvanzadas/Ejemplo3_Queue/Middlewares/Third_Party/SEGGER/SEGGER" -I../Drivers/STM32F4xx_HAL_Driver/Inc -I../Drivers/STM32F4xx_HAL_Driver/Inc/Legacy -I../Drivers/CMSIS/Device/ST/STM32F4xx/Include -I../Drivers/CMSIS/Include -O0 -ffunction-sections -fdata-sections -Wall -fstack-usage -MMD -MP -MF"Core/Src/main.d" -MT"Core/Src/main.o" --specs=nano.specs -mfpu=fpv4-sp-d16 -mfloat-abi=hard -mthumb -o "Core/Src/main.o"
arm-none-eabi-gcc -o "Ejemplo3_Queue.elf" @"objects.list"   -mcpu=cortex-m4 -T"C:\Users\gssan\OneDrive\Documentos\GitHub\STM32_ApliacionesAvanzadas\Ejemplo3_Queue\STM32F401RETX_FLASH.ld" --specs=nosys.specs -Wl,-Map="Ejemplo3_Queue.map" -Wl,--gc-sections -static --specs=nano.specs -mfpu=fpv4-sp-d16 -mfloat-abi=hard -mthumb -Wl,--start-group -lc -lm -Wl,--end-group
Finished building target: Ejemplo3_Queue.elf
 
arm-none-eabi-size   Ejemplo3_Queue.elf 
arm-none-eabi-objdump -h -S  Ejemplo3_Queue.elf  > "Ejemplo3_Queue.list"
   text	   data	    bss	    dec	    hex	filename
  28776	    128	  19056	  47960	   bb58	Ejemplo3_Queue.elf
Finished building: default.size.stdout
 
Finished building: Ejemplo3_Queue.list
 

22:36:02 Build Finished. 0 errors, 0 warnings. (took 2s.876ms)

